<?xml version="1.0" encoding="UTF-8"?>
<testsuites name="Mocha Tests" time="11.5940" tests="12" failures="0">
  <testsuite name="Root Suite" timestamp="2025-02-10T11:47:47" tests="0" time="0.0000" failures="0">
  </testsuite>
  <testsuite name="Todo API Tests" timestamp="2025-02-10T11:47:47" tests="10" file="/Users/siddharth/Projects/Jenkins-tutorial/todo-app/app.test.js" time="0.0000" failures="0">
    <testcase name="Todo API Tests should create a new todo" time="8.3160" classname="should create a new todo">
    </testcase>
    <testcase name="Todo API Tests should fetch all todos" time="0.3770" classname="should fetch all todos">
    </testcase>
    <testcase name="Todo API Tests should fetch a single todo by ID" time="0.0790" classname="should fetch a single todo by ID">
    </testcase>
    <testcase name="Todo API Tests should update a todo" time="0.0880" classname="should update a todo">
    </testcase>
    <testcase name="Todo API Tests should delete a todo" time="0.0740" classname="should delete a todo">
    </testcase>
    <testcase name="Todo API Tests should return an error when creating a todo without a title" time="0.0050" classname="should return an error when creating a todo without a title">
    </testcase>
    <testcase name="Todo API Tests should return an error when fetching a non-existent todo" time="0.0700" classname="should return an error when fetching a non-existent todo">
    </testcase>
    <testcase name="Todo API Tests should return an error when updating a non-existent todo" time="0.0910" classname="should return an error when updating a non-existent todo">
    </testcase>
    <testcase name="Todo API Tests should return an error when deleting a non-existent todo" time="0.0910" classname="should return an error when deleting a non-existent todo">
    </testcase>
    <testcase name="Todo API Tests should return 500 if MongoDB is not connected" time="1.8140" classname="should return 500 if MongoDB is not connected">
    </testcase>
  </testsuite>
  <testsuite name="it should fetch Live Status" timestamp="2025-02-10T11:47:58" tests="1" file="/Users/siddharth/Projects/Jenkins-tutorial/todo-app/app.test.js" time="0.0040" failures="0">
    <testcase name="Todo API Tests it should fetch Live Status it checks Liveness endpoint" time="0.0040" classname="it checks Liveness endpoint">
    </testcase>
  </testsuite>
  <testsuite name="it should fetch Ready Status" timestamp="2025-02-10T11:47:58" tests="1" file="/Users/siddharth/Projects/Jenkins-tutorial/todo-app/app.test.js" time="0.5780" failures="0">
    <testcase name="Todo API Tests it should fetch Ready Status it checks Readiness endpoint" time="0.0020" classname="it checks Readiness endpoint">
    </testcase>
  </testsuite>
</testsuites>